// Vitest Snapshot v1, https://vitest.dev/guide/snapshot.html

exports[`the parity map > is the table the Python SDK mirrors 1`] = `
{
  "ask.history": [
    "ask.history",
    "signal",
    "timeoutMs",
    "maxRetries",
    "headers",
  ],
  "ask.reset": [
    "ask.reset",
    "signal",
    "timeoutMs",
    "maxRetries",
    "headers",
  ],
  "ask.send": [
    "ask.send",
    "signal",
    "timeoutMs",
    "maxRetries",
    "headers",
  ],
  "assess": [
    "assess",
    "signal",
    "timeoutMs",
    "maxRetries",
    "headers",
  ],
  "cancel": [
    "cancel",
    "signal",
    "timeoutMs",
    "maxRetries",
    "headers",
  ],
  "cancelCitecheck": [
    "cancel_citecheck",
    "signal",
    "timeoutMs",
    "maxRetries",
    "headers",
  ],
  "cancelReview": [
    "cancel_review",
    "signal",
    "timeoutMs",
    "maxRetries",
    "headers",
  ],
  "citecheck": [
    "citecheck",
    "signal",
    "timeoutMs",
    "maxRetries",
    "headers",
  ],
  "citecheckAndWait": [
    "citecheck_and_wait",
    "signal",
    "maxRetries",
    "headers",
  ],
  "extract": [
    "extract",
    "signal",
    "timeoutMs",
    "maxRetries",
    "headers",
  ],
  "getCitecheck": [
    "get_citecheck",
    "signal",
    "timeoutMs",
    "maxRetries",
    "headers",
  ],
  "getReview": [
    "get_review",
    "signal",
    "timeoutMs",
    "maxRetries",
    "headers",
  ],
  "getStatus": [
    "get_status",
    "signal",
    "timeoutMs",
    "maxRetries",
    "headers",
  ],
  "library.list": [
    "library.list",
    "signal",
    "timeoutMs",
    "maxRetries",
    "headers",
  ],
  "library.listAll": [
    "library.iter",
    "signal",
    "timeoutMs",
    "maxRetries",
    "headers",
  ],
  "review": [
    "review",
    "signal",
    "timeoutMs",
    "maxRetries",
    "headers",
  ],
  "reviewAndWait": [
    "review_and_wait",
    "signal",
    "maxRetries",
    "headers",
  ],
  "select": [
    "select",
    "signal",
    "timeoutMs",
    "maxRetries",
    "headers",
  ],
  "usage": [
    "usage",
    "signal",
    "timeoutMs",
    "maxRetries",
    "headers",
  ],
  "verifications.delete": [
    "verifications.delete",
    "signal",
    "timeoutMs",
    "maxRetries",
    "headers",
  ],
  "verifications.get": [
    "verifications.get",
    "signal",
    "timeoutMs",
    "maxRetries",
    "headers",
  ],
  "verifications.getCertificate": [
    "verifications.get_certificate",
    "signal",
    "timeoutMs",
    "maxRetries",
    "headers",
  ],
  "verifications.list": [
    "verifications.list",
    "signal",
    "timeoutMs",
    "maxRetries",
    "headers",
  ],
  "verifications.listAll": [
    "verifications.iter",
    "signal",
    "timeoutMs",
    "maxRetries",
    "headers",
  ],
  "verifications.related": [
    "verifications.related",
    "signal",
    "timeoutMs",
    "maxRetries",
    "headers",
  ],
  "verify": [
    "verify",
    "signal",
    "timeoutMs",
    "maxRetries",
    "headers",
  ],
  "verifyAndWait": [
    "verify_and_wait",
    "signal",
    "maxRetries",
    "headers",
  ],
  "verifyBatch": [
    "verify_batch",
    "signal",
    "timeoutMs",
    "maxRetries",
    "headers",
  ],
  "verifyBatchAndWait": [
    "verify_batch_and_wait",
    "signal",
    "maxRetries",
    "headers",
  ],
  "wait": [
    "wait",
    "signal",
    "headers",
  ],
}
`;
